[     228ms] [LOG] [Fast Refresh] rebuilding @ http://localhost:3002/_next/static/chunks/1psn_next_dist_00qw4-5._.js:776
[    1299ms] [LOG] [Fast Refresh] done in 1182ms @ http://localhost:3002/_next/static/chunks/1psn_next_dist_00qw4-5._.js:776
[    1715ms] [INFO] %cDownload the React DevTools for a better development experience: https://react.dev/link/react-devtools font-weight:bold @ http://localhost:3002/_next/static/chunks/1psn_next_dist_00qw4-5._.js:776
[    1718ms] [ERROR] eval() is not supported in this environment. If this page was served with a `Content-Security-Policy` header, make sure that `unsafe-eval` is included. React requires eval() in development mode for various debugging features like reconstructing callstacks from a different environment.
React will never use eval() in production mode @ http://localhost:3002/_next/static/chunks/1psn_next_dist_00qw4-5._.js:1052
[    1746ms] [LOG] [HMR] connected @ http://localhost:3002/_next/static/chunks/1psn_next_dist_00qw4-5._.js:776
[    2119ms] [LOG] [Fast Refresh] rebuilding @ http://localhost:3002/_next/static/chunks/1psn_next_dist_00qw4-5._.js:776
[    2312ms] [LOG] [Fast Refresh] done in 303ms @ http://localhost:3002/_next/static/chunks/1psn_next_dist_00qw4-5._.js:776
[   40479ms] [ERROR] Failed to load resource: the server responded with a status of 500 (Internal Server Error) @ http://localhost:3002/dashboard/dues:0
[   40498ms] [ERROR] %o

%s Error: Please check the dues details and try again.
    at parseInput (http://localhost:3002/_next/static/chunks/1psn_next_dist_compiled_react-server-dom-turbopack_03xjxry._.js:1958:24)
    at createDue (http://localhost:3002/_next/static/chunks/1psn_next_dist_compiled_react-server-dom-turbopack_03xjxry._.js:1958:24)
    at  createDueAction (http://localhost:3002/_next/static/chunks/1psn_next_dist_compiled_react-server-dom-turbopack_03xjxry._.js:1958:24)
    at resolveErrorDev (http://localhost:3002/_next/static/chunks/1psn_next_dist_compiled_react-server-dom-turbopack_03xjxry._.js:1937:105)
    at processFullStringRow (http://localhost:3002/_next/static/chunks/1psn_next_dist_compiled_react-server-dom-turbopack_03xjxry._.js:2456:29)
    at processFullBinaryRow (http://localhost:3002/_next/static/chunks/1psn_next_dist_compiled_react-server-dom-turbopack_03xjxry._.js:2415:9)
    at processBinaryChunk (http://localhost:3002/_next/static/chunks/1psn_next_dist_compiled_react-server-dom-turbopack_03xjxry._.js:2524:221)
    at progress (http://localhost:3002/_next/static/chunks/1psn_next_dist_compiled_react-server-dom-turbopack_03xjxry._.js:2711:13) The above error occurred in the <form> component. It was handled by the <ErrorBoundaryHandler> error boundary. @ http://localhost:3002/_next/static/chunks/1psn_next_dist_client_0cee9yw._.js:17462
[   67496ms] [INFO] %cDownload the React DevTools for a better development experience: https://react.dev/link/react-devtools font-weight:bold @ http://localhost:3002/_next/static/chunks/1psn_next_dist_00qw4-5._.js:776
[   67499ms] [ERROR] eval() is not supported in this environment. If this page was served with a `Content-Security-Policy` header, make sure that `unsafe-eval` is included. React requires eval() in development mode for various debugging features like reconstructing callstacks from a different environment.
React will never use eval() in production mode @ http://localhost:3002/_next/static/chunks/1psn_next_dist_00qw4-5._.js:1052
[   67523ms] [LOG] [HMR] connected @ http://localhost:3002/_next/static/chunks/1psn_next_dist_00qw4-5._.js:776
[   83191ms] [ERROR] Failed to load resource: the server responded with a status of 500 (Internal Server Error) @ http://localhost:3002/dashboard/dues:0
[   83204ms] [ERROR] %o

%s Error: Please check the dues details and try again.
    at parseInput (http://localhost:3002/_next/static/chunks/1psn_next_dist_compiled_react-server-dom-turbopack_03xjxry._.js:1958:24)
    at createDue (http://localhost:3002/_next/static/chunks/1psn_next_dist_compiled_react-server-dom-turbopack_03xjxry._.js:1958:24)
    at  createDueAction (http://localhost:3002/_next/static/chunks/1psn_next_dist_compiled_react-server-dom-turbopack_03xjxry._.js:1958:24)
    at resolveErrorDev (http://localhost:3002/_next/static/chunks/1psn_next_dist_compiled_react-server-dom-turbopack_03xjxry._.js:1937:105)
    at processFullStringRow (http://localhost:3002/_next/static/chunks/1psn_next_dist_compiled_react-server-dom-turbopack_03xjxry._.js:2456:29)
    at processFullBinaryRow (http://localhost:3002/_next/static/chunks/1psn_next_dist_compiled_react-server-dom-turbopack_03xjxry._.js:2415:9)
    at processBinaryChunk (http://localhost:3002/_next/static/chunks/1psn_next_dist_compiled_react-server-dom-turbopack_03xjxry._.js:2524:221)
    at progress (http://localhost:3002/_next/static/chunks/1psn_next_dist_compiled_react-server-dom-turbopack_03xjxry._.js:2711:13) The above error occurred in the <form> component. It was handled by the <ErrorBoundaryHandler> error boundary. @ http://localhost:3002/_next/static/chunks/1psn_next_dist_client_0cee9yw._.js:17462
