[     237ms] [INFO] %cDownload the React DevTools for a better development experience: https://react.dev/link/react-devtools font-weight:bold @ http://localhost:3002/_next/static/chunks/1psn_next_dist_00qw4-5._.js:776
[     241ms] [ERROR] eval() is not supported in this environment. If this page was served with a `Content-Security-Policy` header, make sure that `unsafe-eval` is included. React requires eval() in development mode for various debugging features like reconstructing callstacks from a different environment.
React will never use eval() in production mode @ http://localhost:3002/_next/static/chunks/1psn_next_dist_00qw4-5._.js:1052
[     311ms] [LOG] [HMR] connected @ http://localhost:3002/_next/static/chunks/1psn_next_dist_00qw4-5._.js:776
[     482ms] [LOG] [Fast Refresh] rebuilding @ http://localhost:3002/_next/static/chunks/1psn_next_dist_00qw4-5._.js:776
[     706ms] [LOG] [Fast Refresh] done in 328ms @ http://localhost:3002/_next/static/chunks/1psn_next_dist_00qw4-5._.js:776
[   15441ms] [INFO] %cDownload the React DevTools for a better development experience: https://react.dev/link/react-devtools font-weight:bold @ http://localhost:3002/_next/static/chunks/1psn_next_dist_00qw4-5._.js:776
[   15443ms] [ERROR] eval() is not supported in this environment. If this page was served with a `Content-Security-Policy` header, make sure that `unsafe-eval` is included. React requires eval() in development mode for various debugging features like reconstructing callstacks from a different environment.
React will never use eval() in production mode @ http://localhost:3002/_next/static/chunks/1psn_next_dist_00qw4-5._.js:1052
[   15720ms] [LOG] [HMR] connected @ http://localhost:3002/_next/static/chunks/1psn_next_dist_00qw4-5._.js:776
[   38598ms] [INFO] %cDownload the React DevTools for a better development experience: https://react.dev/link/react-devtools font-weight:bold @ http://localhost:3002/_next/static/chunks/1psn_next_dist_00qw4-5._.js:776
[   38600ms] [ERROR] eval() is not supported in this environment. If this page was served with a `Content-Security-Policy` header, make sure that `unsafe-eval` is included. React requires eval() in development mode for various debugging features like reconstructing callstacks from a different environment.
React will never use eval() in production mode @ http://localhost:3002/_next/static/chunks/1psn_next_dist_00qw4-5._.js:1052
[   38633ms] [LOG] [HMR] connected @ http://localhost:3002/_next/static/chunks/1psn_next_dist_00qw4-5._.js:776
[   39831ms] [LOG] [Fast Refresh] rebuilding @ http://localhost:3002/_next/static/chunks/1psn_next_dist_00qw4-5._.js:776
[   40418ms] [LOG] [Fast Refresh] done in 695ms @ http://localhost:3002/_next/static/chunks/1psn_next_dist_00qw4-5._.js:776
[   41791ms] [INFO] %cDownload the React DevTools for a better development experience: https://react.dev/link/react-devtools font-weight:bold @ http://localhost:3002/_next/static/chunks/1psn_next_dist_00qw4-5._.js:776
[   41792ms] [ERROR] eval() is not supported in this environment. If this page was served with a `Content-Security-Policy` header, make sure that `unsafe-eval` is included. React requires eval() in development mode for various debugging features like reconstructing callstacks from a different environment.
React will never use eval() in production mode @ http://localhost:3002/_next/static/chunks/1psn_next_dist_00qw4-5._.js:1052
[   41822ms] [LOG] [HMR] connected @ http://localhost:3002/_next/static/chunks/1psn_next_dist_00qw4-5._.js:776
[   42939ms] [LOG] [Fast Refresh] rebuilding @ http://localhost:3002/_next/static/chunks/1psn_next_dist_00qw4-5._.js:776
[   43775ms] [LOG] [Fast Refresh] done in 944ms @ http://localhost:3002/_next/static/chunks/1psn_next_dist_00qw4-5._.js:776
