[     236ms] [INFO] %cDownload the React DevTools for a better development experience: https://react.dev/link/react-devtools font-weight:bold @ http://localhost:3002/_next/static/chunks/1psn_next_dist_00qw4-5._.js:776
[     239ms] [ERROR] eval() is not supported in this environment. If this page was served with a `Content-Security-Policy` header, make sure that `unsafe-eval` is included. React requires eval() in development mode for various debugging features like reconstructing callstacks from a different environment.
React will never use eval() in production mode @ http://localhost:3002/_next/static/chunks/1psn_next_dist_00qw4-5._.js:1052
[     310ms] [LOG] [HMR] connected @ http://localhost:3002/_next/static/chunks/1psn_next_dist_00qw4-5._.js:776
[     491ms] [LOG] [Fast Refresh] rebuilding @ http://localhost:3002/_next/static/chunks/1psn_next_dist_00qw4-5._.js:776
[     753ms] [LOG] [Fast Refresh] done in 376ms @ http://localhost:3002/_next/static/chunks/1psn_next_dist_00qw4-5._.js:776
[   23652ms] [INFO] %cDownload the React DevTools for a better development experience: https://react.dev/link/react-devtools font-weight:bold @ http://localhost:3002/_next/static/chunks/1psn_next_dist_00qw4-5._.js:776
[   23653ms] [ERROR] eval() is not supported in this environment. If this page was served with a `Content-Security-Policy` header, make sure that `unsafe-eval` is included. React requires eval() in development mode for various debugging features like reconstructing callstacks from a different environment.
React will never use eval() in production mode @ http://localhost:3002/_next/static/chunks/1psn_next_dist_00qw4-5._.js:1052
[   23666ms] [LOG] [HMR] connected @ http://localhost:3002/_next/static/chunks/1psn_next_dist_00qw4-5._.js:776
[   53810ms] [INFO] %cDownload the React DevTools for a better development experience: https://react.dev/link/react-devtools font-weight:bold @ http://localhost:3002/_next/static/chunks/1psn_next_dist_00qw4-5._.js:776
[   53812ms] [ERROR] eval() is not supported in this environment. If this page was served with a `Content-Security-Policy` header, make sure that `unsafe-eval` is included. React requires eval() in development mode for various debugging features like reconstructing callstacks from a different environment.
React will never use eval() in production mode @ http://localhost:3002/_next/static/chunks/1psn_next_dist_00qw4-5._.js:1052
[   53837ms] [LOG] [HMR] connected @ http://localhost:3002/_next/static/chunks/1psn_next_dist_00qw4-5._.js:776
[   55512ms] [LOG] Running with experiment IDs: [106288167] @ https://maps.googleapis.com/maps-api-v3/api/js/66/1a/main.js:310
[   55863ms] [INFO] %cDownload the React DevTools for a better development experience: https://react.dev/link/react-devtools font-weight:bold @ http://localhost:3002/_next/static/chunks/1psn_next_dist_00qw4-5._.js:776
[   55864ms] [ERROR] eval() is not supported in this environment. If this page was served with a `Content-Security-Policy` header, make sure that `unsafe-eval` is included. React requires eval() in development mode for various debugging features like reconstructing callstacks from a different environment.
React will never use eval() in production mode @ http://localhost:3002/_next/static/chunks/1psn_next_dist_00qw4-5._.js:1052
[   55889ms] [LOG] [HMR] connected @ http://localhost:3002/_next/static/chunks/1psn_next_dist_00qw4-5._.js:776
[   56432ms] [LOG] Running with experiment IDs: [106288167] @ https://maps.googleapis.com/maps-api-v3/api/js/66/1a/main.js:310
[   86340ms] [INFO] %cDownload the React DevTools for a better development experience: https://react.dev/link/react-devtools font-weight:bold @ http://localhost:3002/_next/static/chunks/1psn_next_dist_00qw4-5._.js:776
[   86342ms] [ERROR] eval() is not supported in this environment. If this page was served with a `Content-Security-Policy` header, make sure that `unsafe-eval` is included. React requires eval() in development mode for various debugging features like reconstructing callstacks from a different environment.
React will never use eval() in production mode @ http://localhost:3002/_next/static/chunks/1psn_next_dist_00qw4-5._.js:1052
[   86367ms] [LOG] [HMR] connected @ http://localhost:3002/_next/static/chunks/1psn_next_dist_00qw4-5._.js:776
[   88539ms] [INFO] %cDownload the React DevTools for a better development experience: https://react.dev/link/react-devtools font-weight:bold @ http://localhost:3002/_next/static/chunks/1psn_next_dist_00qw4-5._.js:776
[   88540ms] [ERROR] eval() is not supported in this environment. If this page was served with a `Content-Security-Policy` header, make sure that `unsafe-eval` is included. React requires eval() in development mode for various debugging features like reconstructing callstacks from a different environment.
React will never use eval() in production mode @ http://localhost:3002/_next/static/chunks/1psn_next_dist_00qw4-5._.js:1052
[   88574ms] [LOG] [HMR] connected @ http://localhost:3002/_next/static/chunks/1psn_next_dist_00qw4-5._.js:776
[  184906ms] [INFO] %cDownload the React DevTools for a better development experience: https://react.dev/link/react-devtools font-weight:bold @ http://localhost:3002/_next/static/chunks/1psn_next_dist_00qw4-5._.js:776
[  184908ms] [ERROR] eval() is not supported in this environment. If this page was served with a `Content-Security-Policy` header, make sure that `unsafe-eval` is included. React requires eval() in development mode for various debugging features like reconstructing callstacks from a different environment.
React will never use eval() in production mode @ http://localhost:3002/_next/static/chunks/1psn_next_dist_00qw4-5._.js:1052
[  184937ms] [LOG] [HMR] connected @ http://localhost:3002/_next/static/chunks/1psn_next_dist_00qw4-5._.js:776
[  185557ms] [LOG] Running with experiment IDs: [106288167] @ https://maps.googleapis.com/maps-api-v3/api/js/66/1a/main.js:310
[  215369ms] [INFO] %cDownload the React DevTools for a better development experience: https://react.dev/link/react-devtools font-weight:bold @ http://localhost:3002/_next/static/chunks/1psn_next_dist_00qw4-5._.js:776
[  215373ms] [ERROR] eval() is not supported in this environment. If this page was served with a `Content-Security-Policy` header, make sure that `unsafe-eval` is included. React requires eval() in development mode for various debugging features like reconstructing callstacks from a different environment.
React will never use eval() in production mode @ http://localhost:3002/_next/static/chunks/1psn_next_dist_00qw4-5._.js:1052
[  215401ms] [LOG] [HMR] connected @ http://localhost:3002/_next/static/chunks/1psn_next_dist_00qw4-5._.js:776
[  244843ms] [INFO] %cDownload the React DevTools for a better development experience: https://react.dev/link/react-devtools font-weight:bold @ http://localhost:3002/_next/static/chunks/1psn_next_dist_00qw4-5._.js:776
[  244844ms] [ERROR] eval() is not supported in this environment. If this page was served with a `Content-Security-Policy` header, make sure that `unsafe-eval` is included. React requires eval() in development mode for various debugging features like reconstructing callstacks from a different environment.
React will never use eval() in production mode @ http://localhost:3002/_next/static/chunks/1psn_next_dist_00qw4-5._.js:1052
[  244879ms] [LOG] [HMR] connected @ http://localhost:3002/_next/static/chunks/1psn_next_dist_00qw4-5._.js:776
