[     505ms] [INFO] %cDownload the React DevTools for a better development experience: https://react.dev/link/react-devtools font-weight:bold @ http://localhost:3002/_next/static/chunks/1psn_next_dist_00qw4-5._.js:776
[     507ms] [ERROR] eval() is not supported in this environment. If this page was served with a `Content-Security-Policy` header, make sure that `unsafe-eval` is included. React requires eval() in development mode for various debugging features like reconstructing callstacks from a different environment.
React will never use eval() in production mode @ http://localhost:3002/_next/static/chunks/1psn_next_dist_00qw4-5._.js:1052
[     529ms] [LOG] [HMR] connected @ http://localhost:3002/_next/static/chunks/1psn_next_dist_00qw4-5._.js:776
[     774ms] [LOG] [Fast Refresh] rebuilding @ http://localhost:3002/_next/static/chunks/1psn_next_dist_00qw4-5._.js:776
[     928ms] [LOG] [Fast Refresh] done in 280ms @ http://localhost:3002/_next/static/chunks/1psn_next_dist_00qw4-5._.js:776
[   41587ms] [INFO] %cDownload the React DevTools for a better development experience: https://react.dev/link/react-devtools font-weight:bold @ http://localhost:3002/_next/static/chunks/1psn_next_dist_00qw4-5._.js:776
[   41589ms] [ERROR] eval() is not supported in this environment. If this page was served with a `Content-Security-Policy` header, make sure that `unsafe-eval` is included. React requires eval() in development mode for various debugging features like reconstructing callstacks from a different environment.
React will never use eval() in production mode @ http://localhost:3002/_next/static/chunks/1psn_next_dist_00qw4-5._.js:1052
[   41617ms] [LOG] [HMR] connected @ http://localhost:3002/_next/static/chunks/1psn_next_dist_00qw4-5._.js:776
[   42238ms] [LOG] Running with experiment IDs: [106288167] @ https://maps.googleapis.com/maps-api-v3/api/js/66/1a/main.js:310
[   96418ms] [LOG] [Fast Refresh] rebuilding @ http://localhost:3002/_next/static/chunks/1psn_next_dist_00qw4-5._.js:776
[   97002ms] [LOG] [Fast Refresh] done in 692ms @ http://localhost:3002/_next/static/chunks/1psn_next_dist_00qw4-5._.js:776
[   98146ms] [INFO] %cDownload the React DevTools for a better development experience: https://react.dev/link/react-devtools font-weight:bold @ http://localhost:3002/_next/static/chunks/1psn_next_dist_00qw4-5._.js:776
[   98147ms] [ERROR] eval() is not supported in this environment. If this page was served with a `Content-Security-Policy` header, make sure that `unsafe-eval` is included. React requires eval() in development mode for various debugging features like reconstructing callstacks from a different environment.
React will never use eval() in production mode @ http://localhost:3002/_next/static/chunks/1psn_next_dist_00qw4-5._.js:1052
[   98202ms] [LOG] [HMR] connected @ http://localhost:3002/_next/static/chunks/1psn_next_dist_00qw4-5._.js:776
[  165638ms] [LOG] [Fast Refresh] rebuilding @ http://localhost:3002/_next/static/chunks/1psn_next_dist_00qw4-5._.js:776
[  166054ms] [LOG] [Fast Refresh] done in 523ms @ http://localhost:3002/_next/static/chunks/1psn_next_dist_00qw4-5._.js:776
[  187673ms] [LOG] [Fast Refresh] rebuilding @ http://localhost:3002/_next/static/chunks/1psn_next_dist_00qw4-5._.js:776
[  188437ms] [LOG] [Fast Refresh] done in 873ms @ http://localhost:3002/_next/static/chunks/1psn_next_dist_00qw4-5._.js:776
[  188601ms] [INFO] %cDownload the React DevTools for a better development experience: https://react.dev/link/react-devtools font-weight:bold @ http://localhost:3002/_next/static/chunks/1psn_next_dist_00qw4-5._.js:776
[  188603ms] [ERROR] eval() is not supported in this environment. If this page was served with a `Content-Security-Policy` header, make sure that `unsafe-eval` is included. React requires eval() in development mode for various debugging features like reconstructing callstacks from a different environment.
React will never use eval() in production mode @ http://localhost:3002/_next/static/chunks/1psn_next_dist_00qw4-5._.js:1052
[  188625ms] [LOG] [HMR] connected @ http://localhost:3002/_next/static/chunks/1psn_next_dist_00qw4-5._.js:776
[  188962ms] [LOG] [Fast Refresh] rebuilding @ http://localhost:3002/_next/static/chunks/1psn_next_dist_00qw4-5._.js:776
[  189549ms] [LOG] [Fast Refresh] done in 689ms @ http://localhost:3002/_next/static/chunks/1psn_next_dist_00qw4-5._.js:776
[  189702ms] [INFO] %cDownload the React DevTools for a better development experience: https://react.dev/link/react-devtools font-weight:bold @ http://localhost:3002/_next/static/chunks/1psn_next_dist_00qw4-5._.js:776
[  189704ms] [ERROR] eval() is not supported in this environment. If this page was served with a `Content-Security-Policy` header, make sure that `unsafe-eval` is included. React requires eval() in development mode for various debugging features like reconstructing callstacks from a different environment.
React will never use eval() in production mode @ http://localhost:3002/_next/static/chunks/1psn_next_dist_00qw4-5._.js:1052
[  189911ms] [LOG] [HMR] connected @ http://localhost:3002/_next/static/chunks/1psn_next_dist_00qw4-5._.js:776
[  328113ms] [INFO] %cDownload the React DevTools for a better development experience: https://react.dev/link/react-devtools font-weight:bold @ http://localhost:3002/_next/static/chunks/1psn_next_dist_00qw4-5._.js:776
[  328116ms] [ERROR] eval() is not supported in this environment. If this page was served with a `Content-Security-Policy` header, make sure that `unsafe-eval` is included. React requires eval() in development mode for various debugging features like reconstructing callstacks from a different environment.
React will never use eval() in production mode @ http://localhost:3002/_next/static/chunks/1psn_next_dist_00qw4-5._.js:1052
[  328261ms] [LOG] [HMR] connected @ http://localhost:3002/_next/static/chunks/1psn_next_dist_00qw4-5._.js:776
[  365272ms] [INFO] %cDownload the React DevTools for a better development experience: https://react.dev/link/react-devtools font-weight:bold @ http://localhost:3002/_next/static/chunks/1psn_next_dist_00qw4-5._.js:776
[  365275ms] [ERROR] eval() is not supported in this environment. If this page was served with a `Content-Security-Policy` header, make sure that `unsafe-eval` is included. React requires eval() in development mode for various debugging features like reconstructing callstacks from a different environment.
React will never use eval() in production mode @ http://localhost:3002/_next/static/chunks/1psn_next_dist_00qw4-5._.js:1052
[  365371ms] [LOG] [HMR] connected @ http://localhost:3002/_next/static/chunks/1psn_next_dist_00qw4-5._.js:776
[  383634ms] [INFO] %cDownload the React DevTools for a better development experience: https://react.dev/link/react-devtools font-weight:bold @ http://localhost:3002/_next/static/chunks/1psn_next_dist_00qw4-5._.js:776
[  383635ms] [ERROR] eval() is not supported in this environment. If this page was served with a `Content-Security-Policy` header, make sure that `unsafe-eval` is included. React requires eval() in development mode for various debugging features like reconstructing callstacks from a different environment.
React will never use eval() in production mode @ http://localhost:3002/_next/static/chunks/1psn_next_dist_00qw4-5._.js:1052
[  383654ms] [LOG] [HMR] connected @ http://localhost:3002/_next/static/chunks/1psn_next_dist_00qw4-5._.js:776
[  438557ms] [ERROR] Failed to load resource: the server responded with a status of 500 (Internal Server Error) @ http://localhost:3002/dashboard/inspections/new:0
[ 4160280ms] [LOG] [Fast Refresh] rebuilding @ http://localhost:3002/_next/static/chunks/1psn_next_dist_00qw4-5._.js:776
[ 4160562ms] [LOG] [Fast Refresh] done in 391ms @ http://localhost:3002/_next/static/chunks/1psn_next_dist_00qw4-5._.js:776
